

HI-TECH Software 8051 Macro Assembler V9.60                                Page 1
                                                       Thu May 05 17:28:14 2022

     1                           	psect	idata,class=DATA,space=1,limit=080h
     2                           	psect	irdata,class=DATA,limit=080h
     3                           	global	_main
     4                           	signat	_main,88
     5                           	global	stack_internal
     6                           	psect	text,class=CODE
     7                           	psect	text
     8                           	file	"C:\Users\USER\DOCUME~1\NATION~1\CIRCUI~1.
                                 0\MCUWOR~1\22421~1\project1\main.c"
     9                           	line	4
    10  00003                     _main:
    11  00003  80 3E              	j	f1411
    12  00005                     f1410:
    13                           ;main.c: 3: void main()
    14                           
    15                           ;main.c: 4: {
    16                           
    17                           ;	var   _i assigned to ?a_main+0
    18                           ;	var   _j assigned to ?a_main+1
    19                           	psect	data,class=CODE
    20                           	psect	data
    21  00100                     F158:
    22  00100  C0                 	db	(192)
    23  00101  B0                 	db	(176)
    24  00102  82                 	db	(130)
    25  00103  90                 	db	(144)
    26  00104  FF                 	db	(255)
    27  00105  00 00 00 00 00 00  	db	0,0,0,0,0,0,0
              00                 
    28                           ;	var   _massiv assigned to ?a_main+2
    29                           ;main.c: 5: unsigned char i,j;
    30                           
    31                           ;main.c: 6: unsigned char massiv[12]=
    32                           
    33                           ;main.c: 7: {
    34                           
    35                           ;main.c: 8: 0xC0,
    36                           
    37                           ;main.c: 9: 0xB0,
    38                           
    39                           ;main.c: 10: 0x82,
    40                           
    41                           ;main.c: 11: 0x90,
    42                           
    43                           ;main.c: 12: 0xFF,
    44                           
    45                           ;main.c: 13: };
    46                           
    47                           	psect	text
    48                           	line	13
    49  00005  78 01              	mov	r0,#high (F158)
    50  00007  79 00              	mov	r1,#low (F158)
    51  00009  7A 00              	mov	r2,#high (?a_main+2)
    52  0000B  7B 22              	mov	r3,#low (?a_main+2)
    53  0000D  7D 0C              	mov	r5,#low 12
    54  0000F  7C 00              	mov	r4,#high 12
    55                           	global	str_copy
    56  00011  12 005B            	lcall	str_copy
    57                           ;main.c: 14: P1=massiv[10];
    58                           
    59                           	line	14
    60  00014  79 2C              	mov	r1,#?a_main+2+0Ah
    61  00016  87 90              	mov	090h,@r1
    62                           ;main.c: 15: P3=0;
    63                           
    64                           	line	15
    65  00018  75 B0 00           	mov	0B0h,#0
    66                           ;main.c: 16: i=0;
    67                           
    68                           	line	16
    69  0001B  75 20  00          	mov	?a_main+0,#0
    70                           ;main.c: 17: while(1)
    71                           
    72                           	line	17
    73  0001E                     l5:
    74                           ;main.c: 18: {
    75                           
    76                           ;main.c: 19: while(P30==1)
    77                           
    78                           	line	19
    79  0001E  80 19              	jmp	l7
    80  00020                     l8:
    81                           ;main.c: 20: {
    82                           
    83                           ;main.c: 21: P2=massiv[i];
    84                           
    85                           	line	21
    86  00020  74 22              	mov	a,#?a_main+2
    87  00022  A9 20              	mov	r1,?a_main+0
    88  00024  78 00              	mov	r0,#0
    89  00026  29                 	add	a,r1
    90  00027  F9                 	mov	r1,a
    91  00028  87 A0              	mov	0A0h,@r1
    92                           ;main.c: 22: i++;
    93                           
    94                           	line	22
    95  0002A  05 20              	inc	?a_main+0
    96                           ;main.c: 23: if(i>9)
    97                           
    98                           	line	23
    99  0002C  E5 20              	mov	a,?a_main+0
   100  0002E  24 F6              	add	a,#-0Ah
   101  00030  50 02              	bnc	u11
   102  00032  80 02              	jmp	u10
   103  00034                     u11:
   104  00034  80 03              	jmp	l10
   105  00036                     u10:
   106                           ;main.c: 24: {
   107                           
   108                           ;main.c: 25: i=0;
   109                           
   110                           	line	25
   111  00036  75 20  00          	mov	?a_main+0,#0
   112                           	line	26
   113  00039                     l10:
   114                           	line	27
   115  00039                     l7:
   116                           	line	19
   117  00039  20 B0 02           	bb	p3.0, u21
   118  0003C  80 02              	jmp	u20
   119  0003E                     u21:
   120  0003E  80 E0              	jmp	l8
   121  00040                     u20:
   122  00040                     l9:
   123                           	line	28
   124  00040                     l4:
   125                           	line	17
   126  00040  80 DC              	jmp	l5
   127  00042                     l6:
   128                           ;main.c: 26: }
   129                           
   130                           ;main.c: 27: }
   131                           
   132                           ;main.c: 28: }
   133                           
   134                           ;main.c: 29: }
   135                           
   136                           	line	29
   137  00042                     l3:
   138  00042  22                 	ret
   139  00043                     f1411:
   140  00043  80 C0              	j	f1410
   141                           	FNSIZE	_main,14,0
   142                           	global	?a_main
   143  0000                     f1412	equ	0
   144  0000                     _A10	equ	162
   145  0000                     _A11	equ	163
   146  0000                     _A12	equ	164
   147  0000                     _A13	equ	165
   148  0000                     _A14	equ	166
   149  0000                     _A15	equ	167
   150  0000                     _A8	equ	160
   151  0000                     _A9	equ	161
   152  0000                     _AC	equ	214
   153  0000                     _ACC0	equ	224
   154  0000                     _ACC1	equ	225
   155  0000                     _ACC2	equ	226
   156  0000                     _ACC3	equ	227
   157  0000                     _ACC4	equ	228
   158  0000                     _ACC5	equ	229
   159  0000                     _ACC6	equ	230
   160  0000                     _ACC7	equ	231
   161  0000                     _AD0	equ	128
   162  0000                     _AD1	equ	129
   163  0000                     _AD2	equ	130
   164  0000                     _AD3	equ	131
   165  0000                     _AD4	equ	132
   166  0000                     _AD5	equ	133
   167  0000                     _AD6	equ	134
   168  0000                     _AD7	equ	135
   169  0000                     _B0	equ	240
   170  0000                     _B1	equ	241
   171  0000                     _B2	equ	242
   172  0000                     _B3	equ	243
   173  0000                     _B4	equ	244
   174  0000                     _B5	equ	245
   175  0000                     _B6	equ	246
   176  0000                     _B7	equ	247
   177  0000                     _CY	equ	215
   178  0000                     _EA	equ	175
   179  0000                     _ES	equ	172
   180  0000                     _ET0	equ	169
   181  0000                     _ET1	equ	171
   182  0000                     _EX0	equ	168
   183  0000                     _EX1	equ	170
   184  0000                     _F0	equ	213
   185  0000                     _IE0	equ	137
   186  0000                     _IE1	equ	139
   187  0000                     _INT0	equ	178
   188  0000                     _INT1	equ	179
   189  0000                     _IT0	equ	136
   190  0000                     _IT1	equ	138
   191  0000                     _OV	equ	210
   192  0000                     _P	equ	208
   193  0000                     _P00	equ	128
   194  0000                     _P01	equ	129
   195  0000                     _P02	equ	130
   196  0000                     _P03	equ	131
   197  0000                     _P04	equ	132
   198  0000                     _P05	equ	133
   199  0000                     _P06	equ	134
   200  0000                     _P07	equ	135
   201  0000                     _P10	equ	144
   202  0000                     _P11	equ	145
   203  0000                     _P12	equ	146
   204  0000                     _P13	equ	147
   205  0000                     _P14	equ	148
   206  0000                     _P15	equ	149
   207  0000                     _P16	equ	150
   208  0000                     _P17	equ	151
   209  0000                     _P20	equ	160
   210  0000                     _P21	equ	161
   211  0000                     _P22	equ	162
   212  0000                     _P23	equ	163
   213  0000                     _P24	equ	164
   214  0000                     _P25	equ	165
   215  0000                     _P26	equ	166
   216  0000                     _P27	equ	167
   217  0000                     _P30	equ	176
   218  0000                     _P31	equ	177
   219  0000                     _P32	equ	178
   220  0000                     _P33	equ	179
   221  0000                     _P34	equ	180
   222  0000                     _P35	equ	181
   223  0000                     _P36	equ	182
   224  0000                     _P37	equ	183
   225  0000                     _PS	equ	188
   226  0000                     _PT0	equ	185
   227  0000                     _PT1	equ	187
   228  0000                     _PX0	equ	184
   229  0000                     _PX1	equ	186
   230  0000                     _RB8	equ	154
   231  0000                     _RD	equ	183
   232  0000                     _REN	equ	156
   233  0000                     _RI	equ	152
   234  0000                     _RS0	equ	211
   235  0000                     _RS1	equ	212
   236  0000                     _RXD	equ	176
   237  0000                     _SM0	equ	159
   238  0000                     _SM1	equ	158
   239  0000                     _SM2	equ	157
   240  0000                     _T0	equ	180
   241  0000                     _T1	equ	181
   242  0000                     _TB8	equ	155
   243  0000                     _TF0	equ	141
   244  0000                     _TF1	equ	143
   245  0000                     _TI	equ	153
   246  0000                     _TR0	equ	140
   247  0000                     _TR1	equ	142
   248  0000                     _TXD	equ	177
   249  0000                     _WR	equ	182
   250  0000                     _ACC	equ	224
   251  0000                     _B	equ	240
   252  0000                     _DPH	equ	131
   253  0000                     _DPL	equ	130
   254  0000                     _IE	equ	168
   255  0000                     _IP	equ	184
   256  0000                     _P0	equ	128
   257  0000                     _P1	equ	144
   258  0000                     _P2	equ	160
   259  0000                     _P3	equ	176
   260  0000                     _PCON	equ	135
   261  0000                     _PSW	equ	208
   262  0000                     _SBUF	equ	153
   263  0000                     _SCON	equ	152
   264  0000                     _SP	equ	129
   265  0000                     _TCON	equ	136
   266  0000                     _TH0	equ	140
   267  0000                     _TH1	equ	141
   268  0000                     _TL0	equ	138
   269  0000                     _TL1	equ	139
   270  0000                     _TMOD	equ	137
   271  0000                     _ACC_BITS	equ	224
   272  0000                     _B_BITS	equ	240
   273  0000                     _IE_BITS	equ	168
   274  0000                     _IP_BITS	equ	184
   275  0000                     _P0_BITS	equ	128
   276  0000                     _P1_BITS	equ	144
   277  0000                     _P2_BITS	equ	160
   278  0000                     _P3_BITS	equ	176
   279  0000                     _PCON_BITS	equ	135
   280  0000                     _PSW_BITS	equ	208
   281  0000                     _SCON_BITS	equ	152
   282  0000                     _TCON_BITS	equ	136
   283  0000                     _TMOD_BITS	equ	137


HI-TECH Software 8051 Macro Assembler V9.60                                Page 2
Symbol Table                                           Thu May 05 17:28:14 2022

       ?a_main 00020              _B 000F0              l3 00042  
            l4 00040              l5 0001E              _P 000D0  
            l6 00042              l7 00039              l8 00020  
            l9 00040             _B0 000F0             _B1 000F1  
           _B2 000F2             _B3 000F3             _B4 000F4  
           _B5 000F5             _B6 000F6             _A8 000A0  
           _B7 000F7             _A9 000A1             _F0 000D5  
           _AC 000D6             l10 00039             _EA 000AF  
           _P0 00080             _P1 00090             _P2 000A0  
           _P3 000B0             _IE 000A8             _T0 000B4  
           _T1 000B5             _ES 000AC             _CY 000D7  
           _IP 000B8             _RD 000B7             u10 00036  
           u11 00034             u20 00040             _RI 00098  
           u21 0003E             _TI 00099             _PS 000BC  
           _OV 000D2             _SP 00081             _WR 000B6  
       _B_BITS 000F0            F158 00100            _A10 000A2  
          _A11 000A3            _A12 000A4            _A13 000A5  
          _A14 000A6            _A15 000A7            _AD0 00080  
          _AD1 00081            _AD2 00082            _AD3 00083  
          _AD4 00084            _AD5 00085            _AD6 00086  
          _AD7 00087            _ACC 000E0            _P00 00080  
          _P01 00081            _P10 00090            _P02 00082  
          _P11 00091            _P03 00083            _P20 000A0  
          _P12 00092            _P04 00084            _P21 000A1  
          _P13 00093            _P05 00085            _P30 000B0  
          _P22 000A2            _P14 00094            _P06 00086  
          _P31 000B1            _P23 000A3            _P15 00095  
          _P07 00087            _P32 000B2            _P24 000A4  
          _P16 00096            _P33 000B3            _P25 000A5  
          _P17 00097            _P34 000B4            _P26 000A6  
          _P35 000B5            _P27 000A7            _P36 000B6  
          _P37 000B7            _IE0 00089            _IE1 0008B  
          _ET0 000A9            _ET1 000AB            _EX0 000A8  
          _EX1 000AA            _DPH 00083            _DPL 00082  
          _IT0 00088            _IT1 0008A            _RB8 0009A  
          _TF0 0008D            _TB8 0009B            _TF1 0008F  
          _TH0 0008C            _TH1 0008D            _SM0 0009F  
          _SM1 0009E            _TL0 0008A            _SM2 0009D  
          _PT0 000B9            _TL1 0008B            _PT1 000BB  
          _RS0 000D3            _RS1 000D4            _REN 0009C  
          _PX0 000B8            _PX1 000BA            _TR0 0008C  
          _TR1 0008E            _RXD 000B0            _PSW 000D0  
          _TXD 000B1        _P0_BITS 00080        _P1_BITS 00090  
      _P2_BITS 000A0        _P3_BITS 000B0        _IE_BITS 000A8  
     _ACC_BITS 000E0        _IP_BITS 000B8           f1410 00005  
         f1411 00043           f1412 00000           _ACC0 000E0  
         _ACC1 000E1           _ACC2 000E2           _ACC3 000E3  
         _ACC4 000E4           _ACC5 000E5           _ACC6 000E6  
         _ACC7 000E7  stack_internal 00001           _INT0 000B2  
         _INT1 000B3           _PCON 00087           _SCON 00098  
         _SBUF 00099           _TCON 00088           _TMOD 00089  
         _main 00003       _PSW_BITS 000D0      _PCON_BITS 00087  
    _SCON_BITS 00098      _TCON_BITS 00088        str_copy 0005B  
    _TMOD_BITS 00089  
