HI-TECH Software 8051-C Compiler V9.60

Linker command line:

--edf=C:\PROGRA~2\HI-TEC~1\HC51\lite\9.60\dat\en_msgs.txt \
  -h+C:\Users\USER\Desktop\3F328~1\3F75B~1\CC2A~1\53F3~1\65D01~1\pr6\pr6\pr6.sym \
  -z -Q8051AH -ol.obj \
  -MC:\Users\USER\Desktop\3F328~1\3F75B~1\CC2A~1\53F3~1\65D01~1\pr6\pr6\pr6.map \
  -E1 -ver=8051-C#V9.60 -ACODE=00h-0FFFh -pvectors=00h \
  -prbit=0/20h,rbss,rdata/CODE,irdata/CODE,idata/rbss -pbss=XDATA/idata \
  -pdata=CODE+100h -pconst=CODE+100h -pstrings=CODE+100h -pnvram=bss,heap \
  C:\Users\USER\AppData\Local\Temp\skus.obj \
  C:\Users\USER\Desktop\3F328~1\3F75B~1\CC2A~1\53F3~1\65D01~1\pr6\pr6\main_0.obj \
  C:\PROGRA~2\HI-TEC~1\HC51\lite\9.60\lib\51--nsc.lib 

Object code version is 3.8

Machine type is 8051AH

Call graph:

*start1 size 0,0 offset 0
*    _main size 0,40 offset 0
*        _pp size 0,1 offset 40

		Name          Link     Load   Length Selector Space Scale
C:\Users\USER\AppData\Local\Temp\skus.obj
		vectors          0        0        3       0     0
		text            44       44       14       0     0
C:\Users\USER\Desktop\3F328~1\3F75B~1\CC2A~1\53F3~1\65D01~1\pr6\pr6\main_0.obj
		data           100      100       24     100     0
		text           124      124      115     100     0

C:\PROGRA~2\HI-TEC~1\HC51\lite\9.60\lib\51--nsc.lib
powerup.obj     text            58       58        3       0     0
str_cops.obj    text             3        3       41       0     0

COMMON          rbss            20       20       29      20     1

TOTAL		Name          Link     Load   Length
	CLASS	CODE     
		vectors          0        0        3
		data           100      100       24
		text            44       44       14
		text           124      124      115
		text            58       58        3
		text             3        3       41

	CLASS	DATA     
		rbss            20       20       29

	CLASS	XDATA    

	CLASS	BITSEG   



SEGMENTS	Name		Load	Length	 Top	Selector    Space Class

		vectors         000000	00005B	00005B	       0       0  CODE    
		rbit            000020	000029	000049	      20       1  BITSEG  
		data            000100	000139	000239	     100       0  CODE    


UNUSED ADDRESS RANGES

	CODE             05B-0FF
	                 239-FFF

                                  Symbol Table

?a_main        rbss    020  ?a_pp          rbss    048
__Bbss         bss     049  __Bidata       idata   049
__Birdata      irdata  003  __Brbit        rbit    020
__Brdata       rdata   003  __Hbss         bss     049
__Hcode        code    049  __Hconst       const   100
__Hdata        data    124  __Hheap        heap    049
__Hidata       idata   049  __Hirdata      irdata  049
__Hnvram       nvram   049  __Hrbit        rbit    000
__Hrbss        rbss    049  __Hrdata       rdata   049
__Hstrings     strings 100  __Htext        text    049
__Hvectors     vectors 003  __Lbss         bss     049
__Lcode        code    049  __Lconst       const   100
__Ldata        data    100  __Lheap        heap    049
__Lidata       idata   049  __Lirdata      irdata  049
__Lnvram       nvram   049  __Lrbit        rbit    000
__Lrbss        rbss    020  __Lrdata       rdata   049
__Lstrings     strings 100  __Ltext        text    049
__Lvectors     vectors 000  __S0           (abs)   239
_exit          text    055  _main          text    148
_pp            text    124  intlevel0      (abs)   000
intlevel1      (abs)   000  powerup        text    058
small_model    (abs)   001  stack_internal (abs)   001
start          vectors 000  start1         text    044
str_copy       text    019  str_load       text    019
str_xcopy      text    003  strx_copy      text    019
strx_load      text    019  strx_xcopy     text    003
