

HI-TECH Software 8051 Macro Assembler V9.60                                Page 1
                                                       Thu May 05 13:52:08 2022

     1                           	psect	idata,class=DATA,space=1,limit=080h
     2                           	psect	irdata,class=DATA,limit=080h
     3                           	global	_main
     4                           	signat	_main,88
     5                           	global	stack_internal
     6                           	psect	text,class=CODE
     7                           	psect	text
     8                           	file	"C:\Users\USER\Desktop\3F328~1\3F75B~1\CC2
                                 A~1\53F3~1\3DB85~1\3A29A~1\31D47~1\main.c"
     9                           	line	3
    10  00003                     _main:
    11  00003  02 00B2            	j	f1411
    12  00006                     f1410:
    13                           ;main.c: 2: void main()
    14                           
    15                           ;main.c: 3: {
    16                           
    17                           ;	var   _i assigned to ?a_main+0
    18                           ;	var   _str2 assigned to ?a_main+2
    19                           ;main.c: 4: unsigned int i;
    20                           
    21                           ;main.c: 5: unsigned char *str2="        ";
    22                           
    23                           	line	5
    24  00006  75 22  01          	mov	?a_main+2,#high(0+u19)
    25  00009  75 23  08          	mov	?a_main+2+1,#low(0+u19)
    26                           ;	var   _str3 assigned to ?a_main+4
    27                           ;main.c: 6: unsigned char *str3="Vitalij";
    28                           
    29                           	line	6
    30  0000C  75 24  01          	mov	?a_main+4,#high(0+u29)
    31  0000F  75 25  00          	mov	?a_main+4+1,#low(0+u29)
    32                           ;main.c: 7: P2 = 0x38;
    33                           
    34                           	line	7
    35  00012  75 A0 38           	mov	0A0h,#56
    36                           ;main.c: 8: P2 = 0x1;
    37                           
    38                           	line	8
    39  00015  75 A0 01           	mov	0A0h,#1
    40                           ;main.c: 9: P2 = 0x0;
    41                           
    42                           	line	9
    43  00018  75 A0 00           	mov	0A0h,#0
    44                           ;main.c: 10: P2 = 0x80;
    45                           
    46                           	line	10
    47  0001B  75 A0 80           	mov	0A0h,#128
    48                           ;main.c: 11: P2 = 0x1;
    49                           
    50                           	line	11
    51  0001E  75 A0 01           	mov	0A0h,#1
    52                           ;main.c: 12: P2 = 0x0;
    53                           
    54                           	line	12
    55  00021  75 A0 00           	mov	0A0h,#0
    56                           ;main.c: 13: for(i=7;i<8;i++)
    57                           
    58                           	line	13
    59  00024  75 20  00          	mov	?a_main+0,#high(7)
    60  00027  75 21  07          	mov	?a_main+0+1,#low(7)
    61  0002A  E5 21              	mov	a,?a_main+0+1
    62  0002C  24 F8              	add	a,#low -(8)
    63  0002E  E5 20              	mov	a,?a_main+0
    64  00030  34 FF              	addc	a,#high -(8)
    65  00032  50 02              	bnc	u11
    66  00034  80 02              	jmp	u10
    67  00036                     u11:
    68  00036  80 02              	jmp	l3
    69  00038                     u10:
    70  00038  80 2D              	jmp	l4
    71                           	line	14
    72  0003A                     l3:
    73                           ;main.c: 14: {
    74                           
    75                           ;main.c: 15: P0 = str2[i];
    76                           
    77                           	line	15
    78  0003A  E5 21              	mov	a,?a_main+0+1
    79  0003C  25 23              	add	a,?a_main+2+1
    80  0003E  F5 82              	mov	dpl,a
    81  00040  E5 20              	mov	a,?a_main+0
    82  00042  35 22              	addc	a,?a_main+2
    83  00044  F5 83              	mov	dph,a
    84                           	global	ldc_byte
    85  00046  12 0111            	call	ldc_byte
    86  00049  F5 80              	mov	080h,a
    87                           ;main.c: 16: P2 = 0x3;
    88                           
    89                           	line	16
    90  0004B  75 A0 03           	mov	0A0h,#3
    91                           ;main.c: 17: P2 = 0x2;
    92                           
    93                           	line	17
    94  0004E  75 A0 02           	mov	0A0h,#2
    95                           	line	13
    96  00051  05 21              	inc	?a_main+0+1
    97  00053  E5 21              	mov	a,?a_main+0+1
    98  00055  70 02              	jnz	u20
    99  00057  05 20              	inc	?a_main+0
   100  00059                     u20:
   101  00059  E5 21              	mov	a,?a_main+0+1
   102  0005B  24 F8              	add	a,#low -(8)
   103  0005D  E5 20              	mov	a,?a_main+0
   104  0005F  34 FF              	addc	a,#high -(8)
   105  00061  50 02              	bnc	u31
   106  00063  80 02              	jmp	u30
   107  00065                     u31:
   108  00065  80 D3              	jmp	l3
   109  00067                     u30:
   110  00067                     l4:
   111                           ;main.c: 18: }
   112                           
   113                           ;main.c: 19: for(i=0;i<8;i++)
   114                           
   115                           	line	19
   116  00067  E4                 	clr	a
   117  00068  F5 20              	mov	?a_main+0,a
   118  0006A  F5 21              	mov	?a_main+0+1,a
   119  0006C  E5 21              	mov	a,?a_main+0+1
   120  0006E  24 F8              	add	a,#low -(8)
   121  00070  E5 20              	mov	a,?a_main+0
   122  00072  34 FF              	addc	a,#high -(8)
   123  00074  50 02              	bnc	u41
   124  00076  80 02              	jmp	u40
   125  00078                     u41:
   126  00078  80 02              	jmp	l6
   127  0007A                     u40:
   128  0007A  80 2D              	jmp	l7
   129                           	line	20
   130  0007C                     l6:
   131                           ;main.c: 20: {
   132                           
   133                           ;main.c: 21: P0 = str3[i];
   134                           
   135                           	line	21
   136  0007C  E5 21              	mov	a,?a_main+0+1
   137  0007E  25 25              	add	a,?a_main+4+1
   138  00080  F5 82              	mov	dpl,a
   139  00082  E5 20              	mov	a,?a_main+0
   140  00084  35 24              	addc	a,?a_main+4
   141  00086  F5 83              	mov	dph,a
   142                           	global	ldc_byte
   143  00088  12 0111            	call	ldc_byte
   144  0008B  F5 80              	mov	080h,a
   145                           ;main.c: 22: P2 = 0x3;
   146                           
   147                           	line	22
   148  0008D  75 A0 03           	mov	0A0h,#3
   149                           ;main.c: 23: P2 = 0x2;
   150                           
   151                           	line	23
   152  00090  75 A0 02           	mov	0A0h,#2
   153                           	line	19
   154  00093  05 21              	inc	?a_main+0+1
   155  00095  E5 21              	mov	a,?a_main+0+1
   156  00097  70 02              	jnz	u50
   157  00099  05 20              	inc	?a_main+0
   158  0009B                     u50:
   159  0009B  E5 21              	mov	a,?a_main+0+1
   160  0009D  24 F8              	add	a,#low -(8)
   161  0009F  E5 20              	mov	a,?a_main+0
   162  000A1  34 FF              	addc	a,#high -(8)
   163  000A3  50 02              	bnc	u61
   164  000A5  80 02              	jmp	u60
   165  000A7                     u61:
   166  000A7  80 D3              	jmp	l6
   167  000A9                     u60:
   168  000A9                     l7:
   169                           ;main.c: 24: }
   170                           
   171                           ;main.c: 25: P0 = 0x01;
   172                           
   173                           	line	25
   174  000A9  75 80 01           	mov	080h,#1
   175                           ;main.c: 26: P2 = 0x01;
   176                           
   177                           	line	26
   178  000AC  75 A0 01           	mov	0A0h,#1
   179                           ;main.c: 28: while(1);
   180                           
   181                           	line	28
   182  000AF                     l10:
   183  000AF                     l9:
   184  000AF  80 FE              	jmp	l10
   185  000B1                     l11:
   186                           ;main.c: 29: }
   187                           
   188                           	line	29
   189  000B1                     l2:
   190  000B1  22                 	ret
   191  000B2                     f1411:
   192  000B2  02 0006            	j	f1410
   193                           	FNSIZE	_main,6,0
   194                           	global	?a_main
   195  0000                     f1412	equ	0
   196                           	psect	strings,class=CODE
   197                           	psect	strings
   198  00100                     u29:
   199  00100  56 69 74 61 6C 69  	db	"Vitalij",0
              6A 00              
   200  00108                     u19:
   201  00108  20 20 20 20 20 20  	db	"        ",0
              20 20 00           
   202  0000                     _A10	equ	162
   203  0000                     _A11	equ	163
   204  0000                     _A12	equ	164
   205  0000                     _A13	equ	165
   206  0000                     _A14	equ	166
   207  0000                     _A15	equ	167
   208  0000                     _A8	equ	160
   209  0000                     _A9	equ	161
   210  0000                     _AC	equ	214
   211  0000                     _ACC0	equ	224
   212  0000                     _ACC1	equ	225
   213  0000                     _ACC2	equ	226
   214  0000                     _ACC3	equ	227
   215  0000                     _ACC4	equ	228
   216  0000                     _ACC5	equ	229
   217  0000                     _ACC6	equ	230
   218  0000                     _ACC7	equ	231
   219  0000                     _AD0	equ	128
   220  0000                     _AD1	equ	129
   221  0000                     _AD2	equ	130
   222  0000                     _AD3	equ	131
   223  0000                     _AD4	equ	132
   224  0000                     _AD5	equ	133
   225  0000                     _AD6	equ	134
   226  0000                     _AD7	equ	135
   227  0000                     _B0	equ	240
   228  0000                     _B1	equ	241
   229  0000                     _B2	equ	242
   230  0000                     _B3	equ	243
   231  0000                     _B4	equ	244
   232  0000                     _B5	equ	245
   233  0000                     _B6	equ	246
   234  0000                     _B7	equ	247
   235  0000                     _CY	equ	215
   236  0000                     _EA	equ	175
   237  0000                     _ES	equ	172
   238  0000                     _ET0	equ	169
   239  0000                     _ET1	equ	171
   240  0000                     _EX0	equ	168
   241  0000                     _EX1	equ	170
   242  0000                     _F0	equ	213
   243  0000                     _IE0	equ	137
   244  0000                     _IE1	equ	139
   245  0000                     _INT0	equ	178
   246  0000                     _INT1	equ	179
   247  0000                     _IT0	equ	136
   248  0000                     _IT1	equ	138
   249  0000                     _OV	equ	210
   250  0000                     _P	equ	208
   251  0000                     _P00	equ	128
   252  0000                     _P01	equ	129
   253  0000                     _P02	equ	130
   254  0000                     _P03	equ	131
   255  0000                     _P04	equ	132
   256  0000                     _P05	equ	133
   257  0000                     _P06	equ	134
   258  0000                     _P07	equ	135
   259  0000                     _P10	equ	144
   260  0000                     _P11	equ	145
   261  0000                     _P12	equ	146
   262  0000                     _P13	equ	147
   263  0000                     _P14	equ	148
   264  0000                     _P15	equ	149
   265  0000                     _P16	equ	150
   266  0000                     _P17	equ	151
   267  0000                     _P20	equ	160
   268  0000                     _P21	equ	161
   269  0000                     _P22	equ	162
   270  0000                     _P23	equ	163
   271  0000                     _P24	equ	164
   272  0000                     _P25	equ	165
   273  0000                     _P26	equ	166
   274  0000                     _P27	equ	167
   275  0000                     _P30	equ	176
   276  0000                     _P31	equ	177
   277  0000                     _P32	equ	178
   278  0000                     _P33	equ	179
   279  0000                     _P34	equ	180
   280  0000                     _P35	equ	181
   281  0000                     _P36	equ	182
   282  0000                     _P37	equ	183
   283  0000                     _PS	equ	188
   284  0000                     _PT0	equ	185
   285  0000                     _PT1	equ	187
   286  0000                     _PX0	equ	184
   287  0000                     _PX1	equ	186
   288  0000                     _RB8	equ	154
   289  0000                     _RD	equ	183
   290  0000                     _REN	equ	156
   291  0000                     _RI	equ	152
   292  0000                     _RS0	equ	211
   293  0000                     _RS1	equ	212
   294  0000                     _RXD	equ	176
   295  0000                     _SM0	equ	159
   296  0000                     _SM1	equ	158
   297  0000                     _SM2	equ	157
   298  0000                     _T0	equ	180
   299  0000                     _T1	equ	181
   300  0000                     _TB8	equ	155
   301  0000                     _TF0	equ	141
   302  0000                     _TF1	equ	143
   303  0000                     _TI	equ	153
   304  0000                     _TR0	equ	140
   305  0000                     _TR1	equ	142
   306  0000                     _TXD	equ	177
   307  0000                     _WR	equ	182
   308  0000                     _ACC	equ	224
   309  0000                     _B	equ	240
   310  0000                     _DPH	equ	131
   311  0000                     _DPL	equ	130
   312  0000                     _IE	equ	168
   313  0000                     _IP	equ	184
   314  0000                     _P0	equ	128
   315  0000                     _P1	equ	144
   316  0000                     _P2	equ	160
   317  0000                     _P3	equ	176
   318  0000                     _PCON	equ	135
   319  0000                     _PSW	equ	208
   320  0000                     _SBUF	equ	153
   321  0000                     _SCON	equ	152
   322  0000                     _SP	equ	129
   323  0000                     _TCON	equ	136
   324  0000                     _TH0	equ	140
   325  0000                     _TH1	equ	141
   326  0000                     _TL0	equ	138
   327  0000                     _TL1	equ	139
   328  0000                     _TMOD	equ	137
   329  0000                     _ACC_BITS	equ	224
   330  0000                     _B_BITS	equ	240
   331  0000                     _IE_BITS	equ	168
   332  0000                     _IP_BITS	equ	184
   333  0000                     _P0_BITS	equ	128
   334  0000                     _P1_BITS	equ	144
   335  0000                     _P2_BITS	equ	160
   336  0000                     _P3_BITS	equ	176
   337  0000                     _PCON_BITS	equ	135
   338  0000                     _PSW_BITS	equ	208
   339  0000                     _SCON_BITS	equ	152
   340  0000                     _TCON_BITS	equ	136
   341  0000                     _TMOD_BITS	equ	137


HI-TECH Software 8051 Macro Assembler V9.60                                Page 2
Symbol Table                                           Thu May 05 13:52:08 2022

       ?a_main 00020              _B 000F0              l2 000B1  
            l3 0003A              l4 00067              _P 000D0  
            l6 0007C              l7 000A9              l9 000AF  
           _B0 000F0             _B1 000F1             _B2 000F2  
           _B3 000F3             _B4 000F4             _B5 000F5  
           _B6 000F6             _A8 000A0             _B7 000F7  
           _A9 000A1             _F0 000D5             _AC 000D6  
           l10 000AF             l11 000B1             _EA 000AF  
           _P0 00080             _P1 00090             _P2 000A0  
           _P3 000B0             _IE 000A8             _T0 000B4  
           _T1 000B5             _ES 000AC             _CY 000D7  
           _IP 000B8             _RD 000B7             u10 00038  
           u11 00036             u20 00059             _RI 00098  
           u30 00067             u31 00065             u40 0007A  
           _TI 00099             u41 00078             u50 0009B  
           _PS 000BC             u19 00108             _OV 000D2  
           u60 000A9             u61 000A7             u29 00100  
           _SP 00081             _WR 000B6         _B_BITS 000F0  
          _A10 000A2            _A11 000A3            _A12 000A4  
          _A13 000A5            _A14 000A6            _A15 000A7  
          _AD0 00080            _AD1 00081            _AD2 00082  
          _AD3 00083            _AD4 00084            _AD5 00085  
          _AD6 00086            _AD7 00087            _ACC 000E0  
          _P00 00080            _P01 00081            _P10 00090  
          _P02 00082            _P11 00091            _P03 00083  
          _P20 000A0            _P12 00092            _P04 00084  
          _P21 000A1            _P13 00093            _P05 00085  
          _P30 000B0            _P22 000A2            _P14 00094  
          _P06 00086            _P31 000B1            _P23 000A3  
          _P15 00095            _P07 00087            _P32 000B2  
          _P24 000A4            _P16 00096            _P33 000B3  
          _P25 000A5            _P17 00097            _P34 000B4  
          _P26 000A6            _P35 000B5            _P27 000A7  
          _P36 000B6            _P37 000B7            _IE0 00089  
          _IE1 0008B            _ET0 000A9            _ET1 000AB  
          _EX0 000A8            _EX1 000AA            _DPH 00083  
          _DPL 00082            _IT0 00088            _IT1 0008A  
          _RB8 0009A            _TF0 0008D            _TB8 0009B  
          _TF1 0008F            _TH0 0008C            _TH1 0008D  
          _SM0 0009F            _SM1 0009E            _TL0 0008A  
          _SM2 0009D            _PT0 000B9            _TL1 0008B  
          _PT1 000BB            _RS0 000D3            _RS1 000D4  
          _REN 0009C            _PX0 000B8            _PX1 000BA  
          _TR0 0008C            _TR1 0008E            _RXD 000B0  
          _PSW 000D0            _TXD 000B1        _P0_BITS 00080  
      _P1_BITS 00090        _P2_BITS 000A0        _P3_BITS 000B0  
      _IE_BITS 000A8       _ACC_BITS 000E0        _IP_BITS 000B8  
         f1410 00006           f1411 000B2           f1412 00000  
         _ACC0 000E0           _ACC1 000E1           _ACC2 000E2  
         _ACC3 000E3           _ACC4 000E4           _ACC5 000E5  
         _ACC6 000E6           _ACC7 000E7  stack_internal 00001  
         _INT0 000B2           _INT1 000B3           _PCON 00087  
         _SCON 00098           _SBUF 00099           _TCON 00088  
         _TMOD 00089           _main 00003       _PSW_BITS 000D0  
      ldc_byte 00111      _PCON_BITS 00087      _SCON_BITS 00098  
    _TCON_BITS 00088      _TMOD_BITS 00089  
